PHPUnit 11.5.56 by Sebastian Bergmann and contributors.

Runtime:       PHP 8.3.6
Configuration: /home/nitesh/Internal-Hackathon/phpunit.xml

EE                                                                  2 / 2 (100%)

Time: 00:00.947, Memory: 44.50 MB

There were 2 errors:

1) Tests\Feature\GrievanceTest::test_student_can_submit_grievance
Illuminate\Database\QueryException: SQLSTATE[23000]: Integrity constraint violation: 19 NOT NULL constraint failed: grievance_categories.institution_id (Connection: sqlite, Database: :memory:, SQL: insert into "grievance_categories" ("name", "updated_at", "created_at") values (Academic, 2026-07-27 07:20:30, 2026-07-27 07:20:30))

/home/nitesh/Internal-Hackathon/vendor/laravel/framework/src/Illuminate/Database/Connection.php:838
/home/nitesh/Internal-Hackathon/vendor/laravel/framework/src/Illuminate/Database/Connection.php:794
/home/nitesh/Internal-Hackathon/vendor/laravel/framework/src/Illuminate/Database/Connection.php:573
/home/nitesh/Internal-Hackathon/vendor/laravel/framework/src/Illuminate/Database/Connection.php:537
/home/nitesh/Internal-Hackathon/vendor/laravel/framework/src/Illuminate/Database/Query/Processors/Processor.php:32
/home/nitesh/Internal-Hackathon/vendor/laravel/framework/src/Illuminate/Database/Query/Builder.php:4170
/home/nitesh/Internal-Hackathon/vendor/laravel/framework/src/Illuminate/Database/Eloquent/Builder.php:2237
/home/nitesh/Internal-Hackathon/vendor/laravel/framework/src/Illuminate/Database/Eloquent/Model.php:1436
/home/nitesh/Internal-Hackathon/vendor/laravel/framework/src/Illuminate/Database/Eloquent/Model.php:1401
/home/nitesh/Internal-Hackathon/vendor/laravel/framework/src/Illuminate/Database/Eloquent/Model.php:1240
/home/nitesh/Internal-Hackathon/vendor/laravel/framework/src/Illuminate/Database/Eloquent/Builder.php:1219
/home/nitesh/Internal-Hackathon/vendor/laravel/framework/src/Illuminate/Support/helpers.php:393
/home/nitesh/Internal-Hackathon/vendor/laravel/framework/src/Illuminate/Database/Eloquent/Builder.php:1218
/home/nitesh/Internal-Hackathon/vendor/laravel/framework/src/Illuminate/Support/Traits/ForwardsCalls.php:23
/home/nitesh/Internal-Hackathon/vendor/laravel/framework/src/Illuminate/Database/Eloquent/Model.php:2544
/home/nitesh/Internal-Hackathon/vendor/laravel/framework/src/Illuminate/Database/Eloquent/Model.php:2560
/home/nitesh/Internal-Hackathon/tests/Feature/GrievanceTest.php:26

Caused by
PDOException: SQLSTATE[23000]: Integrity constraint violation: 19 NOT NULL constraint failed: grievance_categories.institution_id

/home/nitesh/Internal-Hackathon/vendor/laravel/framework/src/Illuminate/Database/Connection.php:584
/home/nitesh/Internal-Hackathon/vendor/laravel/framework/src/Illuminate/Database/Connection.php:827
/home/nitesh/Internal-Hackathon/vendor/laravel/framework/src/Illuminate/Database/Connection.php:794
/home/nitesh/Internal-Hackathon/vendor/laravel/framework/src/Illuminate/Database/Connection.php:573
/home/nitesh/Internal-Hackathon/vendor/laravel/framework/src/Illuminate/Database/Connection.php:537
/home/nitesh/Internal-Hackathon/vendor/laravel/framework/src/Illuminate/Database/Query/Processors/Processor.php:32
/home/nitesh/Internal-Hackathon/vendor/laravel/framework/src/Illuminate/Database/Query/Builder.php:4170
/home/nitesh/Internal-Hackathon/vendor/laravel/framework/src/Illuminate/Database/Eloquent/Builder.php:2237
/home/nitesh/Internal-Hackathon/vendor/laravel/framework/src/Illuminate/Database/Eloquent/Model.php:1436
/home/nitesh/Internal-Hackathon/vendor/laravel/framework/src/Illuminate/Database/Eloquent/Model.php:1401
/home/nitesh/Internal-Hackathon/vendor/laravel/framework/src/Illuminate/Database/Eloquent/Model.php:1240
/home/nitesh/Internal-Hackathon/vendor/laravel/framework/src/Illuminate/Database/Eloquent/Builder.php:1219
/home/nitesh/Internal-Hackathon/vendor/laravel/framework/src/Illuminate/Support/helpers.php:393
/home/nitesh/Internal-Hackathon/vendor/laravel/framework/src/Illuminate/Database/Eloquent/Builder.php:1218
/home/nitesh/Internal-Hackathon/vendor/laravel/framework/src/Illuminate/Support/Traits/ForwardsCalls.php:23
/home/nitesh/Internal-Hackathon/vendor/laravel/framework/src/Illuminate/Database/Eloquent/Model.php:2544
/home/nitesh/Internal-Hackathon/vendor/laravel/framework/src/Illuminate/Database/Eloquent/Model.php:2560
/home/nitesh/Internal-Hackathon/tests/Feature/GrievanceTest.php:26

2) Tests\Feature\GrievanceTest::test_grievance_feed_hides_anonymous_identity
Illuminate\Database\QueryException: SQLSTATE[23000]: Integrity constraint violation: 19 NOT NULL constraint failed: grievance_categories.institution_id (Connection: sqlite, Database: :memory:, SQL: insert into "grievance_categories" ("name", "updated_at", "created_at") values (Academic, 2026-07-27 07:20:30, 2026-07-27 07:20:30))

/home/nitesh/Internal-Hackathon/vendor/laravel/framework/src/Illuminate/Database/Connection.php:838
/home/nitesh/Internal-Hackathon/vendor/laravel/framework/src/Illuminate/Database/Connection.php:794
/home/nitesh/Internal-Hackathon/vendor/laravel/framework/src/Illuminate/Database/Connection.php:573
/home/nitesh/Internal-Hackathon/vendor/laravel/framework/src/Illuminate/Database/Connection.php:537
/home/nitesh/Internal-Hackathon/vendor/laravel/framework/src/Illuminate/Database/Query/Processors/Processor.php:32
/home/nitesh/Internal-Hackathon/vendor/laravel/framework/src/Illuminate/Database/Query/Builder.php:4170
/home/nitesh/Internal-Hackathon/vendor/laravel/framework/src/Illuminate/Database/Eloquent/Builder.php:2237
/home/nitesh/Internal-Hackathon/vendor/laravel/framework/src/Illuminate/Database/Eloquent/Model.php:1436
/home/nitesh/Internal-Hackathon/vendor/laravel/framework/src/Illuminate/Database/Eloquent/Model.php:1401
/home/nitesh/Internal-Hackathon/vendor/laravel/framework/src/Illuminate/Database/Eloquent/Model.php:1240
/home/nitesh/Internal-Hackathon/vendor/laravel/framework/src/Illuminate/Database/Eloquent/Builder.php:1219
/home/nitesh/Internal-Hackathon/vendor/laravel/framework/src/Illuminate/Support/helpers.php:393
/home/nitesh/Internal-Hackathon/vendor/laravel/framework/src/Illuminate/Database/Eloquent/Builder.php:1218
/home/nitesh/Internal-Hackathon/vendor/laravel/framework/src/Illuminate/Support/Traits/ForwardsCalls.php:23
/home/nitesh/Internal-Hackathon/vendor/laravel/framework/src/Illuminate/Database/Eloquent/Model.php:2544
/home/nitesh/Internal-Hackathon/vendor/laravel/framework/src/Illuminate/Database/Eloquent/Model.php:2560
/home/nitesh/Internal-Hackathon/tests/Feature/GrievanceTest.php:51

Caused by
PDOException: SQLSTATE[23000]: Integrity constraint violation: 19 NOT NULL constraint failed: grievance_categories.institution_id

/home/nitesh/Internal-Hackathon/vendor/laravel/framework/src/Illuminate/Database/Connection.php:584
/home/nitesh/Internal-Hackathon/vendor/laravel/framework/src/Illuminate/Database/Connection.php:827
/home/nitesh/Internal-Hackathon/vendor/laravel/framework/src/Illuminate/Database/Connection.php:794
/home/nitesh/Internal-Hackathon/vendor/laravel/framework/src/Illuminate/Database/Connection.php:573
/home/nitesh/Internal-Hackathon/vendor/laravel/framework/src/Illuminate/Database/Connection.php:537
/home/nitesh/Internal-Hackathon/vendor/laravel/framework/src/Illuminate/Database/Query/Processors/Processor.php:32
/home/nitesh/Internal-Hackathon/vendor/laravel/framework/src/Illuminate/Database/Query/Builder.php:4170
/home/nitesh/Internal-Hackathon/vendor/laravel/framework/src/Illuminate/Database/Eloquent/Builder.php:2237
/home/nitesh/Internal-Hackathon/vendor/laravel/framework/src/Illuminate/Database/Eloquent/Model.php:1436
/home/nitesh/Internal-Hackathon/vendor/laravel/framework/src/Illuminate/Database/Eloquent/Model.php:1401
/home/nitesh/Internal-Hackathon/vendor/laravel/framework/src/Illuminate/Database/Eloquent/Model.php:1240
/home/nitesh/Internal-Hackathon/vendor/laravel/framework/src/Illuminate/Database/Eloquent/Builder.php:1219
/home/nitesh/Internal-Hackathon/vendor/laravel/framework/src/Illuminate/Support/helpers.php:393
/home/nitesh/Internal-Hackathon/vendor/laravel/framework/src/Illuminate/Database/Eloquent/Builder.php:1218
/home/nitesh/Internal-Hackathon/vendor/laravel/framework/src/Illuminate/Support/Traits/ForwardsCalls.php:23
/home/nitesh/Internal-Hackathon/vendor/laravel/framework/src/Illuminate/Database/Eloquent/Model.php:2544
/home/nitesh/Internal-Hackathon/vendor/laravel/framework/src/Illuminate/Database/Eloquent/Model.php:2560
/home/nitesh/Internal-Hackathon/tests/Feature/GrievanceTest.php:51

ERRORS!
Tests: 2, Assertions: 0, Errors: 2.
